Microchip MPLAB XC8 Compiler V1.33 ()

Linker command line:

--edf=C:\Program Files (x86)\Microchip\xc8\v1.33\dat\en_msgs.txt -cs \
  -h+dist/default/production\C-kod.production.sym \
  --cmf=dist/default/production\C-kod.production.cmf -z -Q18F25K22 \
  -oC:\Users\noolof\AppData\Local\Temp\s6i0.6 \
  -Mdist/default/production/C-kod.production.map -E1 -ver=XC8 \
  -ASTACK=08Eh-05ffh -pstack=STACK -ACODE=00h-07D00h -ACONST=00h-07D00h \
  -ASMALLCONST=0600h-06FFhx119,07D00h-07D00h -AMEDIUMCONST=0600h-07D00h \
  -ACOMRAM=01h-05Fh -AABS1=00h-05FFh -ABIGRAM=01h-05FFh \
  -ARAM=060h-0FFh,0100h-01FFhx5 -ABANK0=060h-0FFh -ABANK1=0100h-01FFh \
  -ABANK2=0200h-02FFh -ABANK3=0300h-03FFh -ABANK4=0400h-04FFh \
  -ABANK5=0500h-05FFh -ASFR=0F38h-0F5Fh,0F60h-0FFFh \
  -preset_vec=00h,intcode=08h,intcodelo,powerup,init,end_init \
  -pramtop=0600h -psmallconst=SMALLCONST -pmediumconst=MEDIUMCONST \
  -pconst=CONST -AFARRAM=00h-00h -ACONFIG=0300000h-030000Dh -pconfig=CONFIG \
  -AIDLOC=0200000h-0200007h -pidloc=IDLOC -AEEDATA=0F00000h-0F000FFh \
  -peeprom_data=EEDATA \
  -prdata=COMRAM,nvrram=COMRAM,nvbit=COMRAM,rbss=COMRAM,rbit=COMRAM \
  -pfarbss=FARRAM,fardata=FARRAM,nvFARRAM=FARRAM \
  -pintsave_regs=BIGRAM,bigbss=BIGRAM,bigdata=BIGRAM -pbss=RAM \
  -pidata=CODE,irdata=CODE,ibigdata=CODE,ifardata=CODE \
  C:\Users\noolof\AppData\Local\Temp\s6i0.obj \
  dist/default/production\C-kod.production.obj 

Object code version is 3.11

Machine type is 18F25K22

Call graph: (short form)




                Name                               Link     Load   Length Selector   Space Scale
C:\Users\noolof\AppData\Local\Temp\s6i0.obj
                end_init                            17A      17A        4        4       0
                reset_vec                             0        0        4        0       0
                config                           300000   300000        8   300000       0
dist/default/production\C-kod.production.obj
                intcode                               8        8      172        4       0
                smallconst                          600      600       24      300       0
                text22                             1A32     1A32       46      312       0
                text21                             154C     154C       F8      312       0
                text20                             19E6     19E6       4C      312       0
                text19                              D96      D96      200      312       0
                text18                             1330     1330      11E      312       0
                text17                             171C     171C       B8      312       0
                text16                             10D6     10D6      13C      312       0
                text15                             1A78     1A78       32      312       0
                text14                             144E     144E       FE      312       0
                text13                             1AD4     1AD4       2A      312       0
                text12                             197E     197E       68      312       0
                text11                             1B46     1B46       10      312       0
                text10                              F96      F96      140      312       0
                text9                              1908     1908       76      312       0
                text8                              1B1C     1B1C       1A      312       0
                text7                              1B56     1B56        E      312       0
                text6                              1B36     1B36       10      312       0
                text5                              1AAA     1AAA       2A      312       0
                text4                              1644     1644       D8      312       0
                text3                              17D4     17D4       A4      312       0
                text2                              1878     1878       90      312       0
                text1                              1212     1212      11E      312       0
                text0                               624      624      772      312       0
                cstackCOMRAM                          1        1       47        1       1
                cstackBANK0                          60       60       1C       60       1
                bssBANK0                             7C       7C       12       60       1
                bssCOMRAM                            48       48        4        1       1
                cinit                              1AFE     1AFE       1E      312       0

TOTAL           Name                               Link     Load   Length     Space
        CLASS   STACK          

        CLASS   CODE           
                end_init                            17A      17A        4         0
                intcode                               8        8      172         0
                reset_vec                             0        0        4         0
                text22                             1A32     1A32       46         0
                text21                             154C     154C       F8         0
                text20                             19E6     19E6       4C         0
                text19                              D96      D96      200         0
                text18                             1330     1330      11E         0
                text17                             171C     171C       B8         0
                text16                             10D6     10D6      13C         0
                text15                             1A78     1A78       32         0
                text14                             144E     144E       FE         0
                text13                             1AD4     1AD4       2A         0
                text12                             197E     197E       68         0
                text11                             1B46     1B46       10         0
                text10                              F96      F96      140         0
                text9                              1908     1908       76         0
                text8                              1B1C     1B1C       1A         0
                text7                              1B56     1B56        E         0
                text6                              1B36     1B36       10         0
                text5                              1AAA     1AAA       2A         0
                text4                              1644     1644       D8         0
                text3                              17D4     17D4       A4         0
                text2                              1878     1878       90         0
                text1                              1212     1212      11E         0
                text0                               624      624      772         0
                cinit                              1AFE     1AFE       1E         0

        CLASS   CONST          

        CLASS   SMALLCONST     
                smallconst                          600      600       24         0

        CLASS   MEDIUMCONST    

        CLASS   COMRAM         
                cstackCOMRAM                          1        1       47         1
                bssCOMRAM                            48       48        4         1

        CLASS   ABS1           

        CLASS   BIGRAM         

        CLASS   RAM            

        CLASS   BANK0          
                cstackBANK0                          60       60       1C         1
                bssBANK0                             7C       7C       12         1

        CLASS   BANK1          

        CLASS   BANK2          

        CLASS   BANK3          

        CLASS   BANK4          

        CLASS   BANK5          

        CLASS   SFR            

        CLASS   FARRAM         

        CLASS   CONFIG         
                config                           300000   300000        8         0

        CLASS   IDLOC          

        CLASS   EEDATA         



SEGMENTS        Name                           Load    Length   Top    Selector   Space  Class

                reset_vec                      000000  000004  000004         0       0  CODE    
                cstackCOMRAM                   000001  00004B  00004C         1       1  COMRAM  
                intcode                        000008  000176  00017E         4       0  CODE    
                cstackBANK0                    000060  00002E  00008E        60       1  BANK0   
                smallconst                     000600  000024  000624       300       0  SMALLCON
                text0                          000624  001540  001B64       312       0  CODE    
                config                         300000  000008  300008    300000       0  CONFIG  


UNUSED ADDRESS RANGES

        Name                Unused          Largest block    Delta
        BANK0            00008E-0000FF               72
        BANK1            000100-0001FF              100
        BANK2            000200-0002FF              100
        BANK3            000300-0003FF              100
        BANK4            000400-0004FF              100
        BANK5            000500-0005FF              100
        BIGRAM           00004C-00005F               14
                         00008E-0005FF              572
        CODE             000004-000007                4
                         00017E-0005FF              482
                         001B64-007D00             619D
        COMRAM           00004C-00005F               14
        CONFIG           300008-30000D                6
        CONST            000004-000007                4
                         00017E-0005FF              482
                         001B64-007D00             619D
        EEDATA           F00000-F000FF              100
        IDLOC            200000-200007                8
        MEDIUMCONST      001B64-007D00             619D
        RAM              00008E-0005FF              100
        SFR              000F38-000FFF               28
        SMALLCONST       001B64-007D00              100
        STACK            00008E-0005FF              572

                                  Symbol Table

?_AD_omv                 cstackCOMRAM 00000F
?___awdiv                cstackCOMRAM 00000F
?___awmod                cstackCOMRAM 00000F
?___awtofl               cstackCOMRAM 000019
?___fladd                cstackCOMRAM 000035
?___fldiv                cstackCOMRAM 00001D
?___flmul                cstackCOMRAM 00001E
?___flneg                cstackCOMRAM 000031
?___flpack               cstackCOMRAM 00000F
?___fltol                cstackCOMRAM 000030
?___lwtofl               cstackCOMRAM 000019
AD_omv@AD_value          cstackCOMRAM 000014
AD_omv@ADkanal           cstackCOMRAM 000013
_ADCON0                  (abs)        000FC2
_ADCON0bits              (abs)        000FC2
_ADCON1                  (abs)        000FC1
_ADCON2                  (abs)        000FC0
_ADRESH                  (abs)        000FC4
_ADRESL                  (abs)        000FC3
_AD_omv                  text22       001A32
_ANSELA                  (abs)        000F38
_ANSELB                  (abs)        000F39
_ANSELC                  (abs)        000F3A
_BAUDCON1                (abs)        000FB8
_CCP5CON                 (abs)        000F54
_CCPR5L                  (abs)        000F55
_CCPTMRS1                (abs)        000F48
_CM1CON0                 (abs)        000F79
_CM1CON0bits             (abs)        000F79
_CM2CON1                 (abs)        000F77
_INTCON                  (abs)        000FF2
_IPR1                    (abs)        000F9F
_LATBbits                (abs)        000F8A
_LATCbits                (abs)        000F8B
_PIE1                    (abs)        000F9D
_PIE1bits                (abs)        000F9D
_PIR1bits                (abs)        000F9E
_PORTBbits               (abs)        000F81
_PORTCbits               (abs)        000F82
_PR2                     (abs)        000FBB
_RCSTA1                  (abs)        000FAB
_SPBRG1                  (abs)        000FAF
_T1CON                   (abs)        000FCD
_T2CON                   (abs)        000FBA
_TMR1H                   (abs)        000FCF
_TMR1L                   (abs)        000FCE
_TRISA                   (abs)        000F92
_TRISAbits               (abs)        000F92
_TRISB                   (abs)        000F93
_TRISC                   (abs)        000F94
_TXREG1                  (abs)        000FAD
_TXSTA1                  (abs)        000FAC
_VREFCON0                (abs)        000F42
__CFG_BOREN$OFF          (abs)        000000
__CFG_DEBUG$OFF          (abs)        000000
__CFG_FCMEN$OFF          (abs)        000000
__CFG_FOSC$XT            (abs)        000000
__CFG_HFOFST$OFF         (abs)        000000
__CFG_IESO$OFF           (abs)        000000
__CFG_LVP$OFF            (abs)        000000
__CFG_MCLRE$EXTMCLR      (abs)        000000
__CFG_PLLCFG$OFF         (abs)        000000
__CFG_PRICLKEN$ON        (abs)        000000
__CFG_PWRTEN$ON          (abs)        000000
__CFG_STVREN$ON          (abs)        000000
__CFG_WDTEN$OFF          (abs)        000000
__CFG_XINST$OFF          (abs)        000000
__HRAM                   (abs)        000000
__Habs1                  abs1         000000
__Hbank0                 bank0        000000
__Hbank1                 bank1        000000
__Hbank2                 bank2        000000
__Hbank3                 bank3        000000
__Hbank4                 bank4        000000
__Hbank5                 bank5        000000
__Hbigbss                bigbss       000000
__Hbigdata               bigdata      000000
__Hbigram                bigram       000000
__Hbss                   bss          000000
__HbssBANK0              bssBANK0     000000
__HbssCOMRAM             bssCOMRAM    000000
__Hcinit                 cinit        000000
__Hclrtext               clrtext      000000
__Hcomram                comram       000000
__Hconfig                config       300008
__Hconst                 const        000000
__HcstackBANK0           cstackBANK0  000000
__HcstackCOMRAM          cstackCOMRAM 000000
__Hdata                  data         000000
__Heeprom_data           eeprom_data  000000
__Hend_init              end_init     00017E
__Hfarbss                farbss       000000
__Hfardata               fardata      000000
__Hibigdata              ibigdata     000000
__Hidata                 idata        000000
__Hidloc                 idloc        000000
__Hifardata              ifardata     000000
__Hinit                  init         00017A
__Hintcode               intcode      00017A
__Hintcode_body          intcode_body 000000
__Hintcodelo             intcodelo    00017A
__Hintentry              intentry     000000
__Hintret                intret       000000
__Hintsave_regs          intsave_regs 000000
__Hirdata                irdata       000000
__Hmediumconst           mediumconst  000000
__HnvFARRAM              nvFARRAM     000000
__Hnvbit                 nvbit        000000
__Hnvrram                nvrram       000000
__Hparam                 rparam       000000
__Hpowerup               powerup      00017A
__Hram                   ram          000000
__Hramtop                ramtop       000600
__Hrbit                  rbit         000000
__Hrbss                  rbss         000000
__Hrdata                 rdata        000000
__Hreset_vec             reset_vec    000004
__Hrparam                rparam       000000
__Hsfr                   sfr          000000
__Hsmallconst            smallconst   000624
__Hspace_0               (abs)        300008
__Hspace_1               (abs)        00008E
__Hspace_2               (abs)        000000
__Hstack                 stack        000000
__Hstruct                struct       000000
__Htemp                  temp         000000
__Htext                  text         000000
__Htext0                 text0        000000
__Htext1                 text1        000000
__Htext10                text10       000000
__Htext11                text11       000000
__Htext12                text12       000000
__Htext13                text13       000000
__Htext14                text14       000000
__Htext15                text15       000000
__Htext16                text16       000000
__Htext17                text17       000000
__Htext18                text18       000000
__Htext19                text19       000000
__Htext2                 text2        000000
__Htext20                text20       000000
__Htext21                text21       000000
__Htext22                text22       000000
__Htext3                 text3        000000
__Htext4                 text4        000000
__Htext5                 text5        000000
__Htext6                 text6        000000
__Htext7                 text7        000000
__Htext8                 text8        000000
__Htext9                 text9        000000
__LRAM                   (abs)        000001
__Labs1                  abs1         000000
__Lbank0                 bank0        000000
__Lbank1                 bank1        000000
__Lbank2                 bank2        000000
__Lbank3                 bank3        000000
__Lbank4                 bank4        000000
__Lbank5                 bank5        000000
__Lbigbss                bigbss       000000
__Lbigdata               bigdata      000000
__Lbigram                bigram       000000
__Lbss                   bss          000000
__LbssBANK0              bssBANK0     000000
__LbssCOMRAM             bssCOMRAM    000000
__Lcinit                 cinit        000000
__Lclrtext               clrtext      000000
__Lcomram                comram       000000
__Lconfig                config       300000
__Lconst                 const        000000
__LcstackBANK0           cstackBANK0  000000
__LcstackCOMRAM          cstackCOMRAM 000000
__Ldata                  data         000000
__Leeprom_data           eeprom_data  000000
__Lend_init              end_init     00017A
__Lfarbss                farbss       000000
__Lfardata               fardata      000000
__Libigdata              ibigdata     000000
__Lidata                 idata        000000
__Lidloc                 idloc        000000
__Lifardata              ifardata     000000
__Linit                  init         00017A
__Lintcode               intcode      000008
__Lintcode_body          intcode_body 000000
__Lintcodelo             intcodelo    00017A
__Lintentry              intentry     000000
__Lintret                intret       000000
__Lintsave_regs          intsave_regs 000000
__Lirdata                irdata       000000
__Lmediumconst           mediumconst  000000
__LnvFARRAM              nvFARRAM     000000
__Lnvbit                 nvbit        000000
__Lnvrram                nvrram       000000
__Lparam                 rparam       000000
__Lpowerup               powerup      00017A
__Lram                   ram          000000
__Lramtop                ramtop       000600
__Lrbit                  rbit         000000
__Lrbss                  rbss         000000
__Lrdata                 rdata        000000
__Lreset_vec             reset_vec    000000
__Lrparam                rparam       000000
__Lsfr                   sfr          000000
__Lsmallconst            smallconst   000600
__Lspace_0               (abs)        000000
__Lspace_1               (abs)        000000
__Lspace_2               (abs)        000000
__Lstack                 stack        000000
__Lstruct                struct       000000
__Ltemp                  temp         000000
__Ltext                  text         000000
__Ltext0                 text0        000000
__Ltext1                 text1        000000
__Ltext10                text10       000000
__Ltext11                text11       000000
__Ltext12                text12       000000
__Ltext13                text13       000000
__Ltext14                text14       000000
__Ltext15                text15       000000
__Ltext16                text16       000000
__Ltext17                text17       000000
__Ltext18                text18       000000
__Ltext19                text19       000000
__Ltext2                 text2        000000
__Ltext20                text20       000000
__Ltext21                text21       000000
__Ltext22                text22       000000
__Ltext3                 text3        000000
__Ltext4                 text4        000000
__Ltext5                 text5        000000
__Ltext6                 text6        000000
__Ltext7                 text7        000000
__Ltext8                 text8        000000
__Ltext9                 text9        000000
__S0                     (abs)        300008
__S1                     (abs)        00008E
__S2                     (abs)        000000
___awdiv                 text3        0017D4
___awdiv@counter         cstackCOMRAM 000013
___awdiv@dividend        cstackCOMRAM 00000F
___awdiv@divisor         cstackCOMRAM 000011
___awdiv@quotient        cstackCOMRAM 000015
___awdiv@sign            cstackCOMRAM 000014
___awmod                 text2        001878
___awmod@counter         cstackCOMRAM 000013
___awmod@dividend        cstackCOMRAM 00000F
___awmod@divisor         cstackCOMRAM 000011
___awmod@sign            cstackCOMRAM 000014
___awtofl                text20       0019E6
___awtofl@c              cstackCOMRAM 000019
___awtofl@sign           cstackCOMRAM 00001D
___fladd                 text19       000D96
___fladd@exp1            cstackCOMRAM 000043
___fladd@exp2            cstackCOMRAM 000042
___fladd@f1              cstackCOMRAM 000035
___fladd@f2              cstackCOMRAM 000039
___fladd@sign            cstackCOMRAM 000041
___fldiv                 text18       001330
___fldiv@cntr            cstackCOMRAM 00002D
___fldiv@exp             cstackCOMRAM 00002E
___fldiv@f1              cstackCOMRAM 00001D
___fldiv@f2              cstackCOMRAM 000021
___fldiv@f3              cstackCOMRAM 000029
___fldiv@sign            cstackCOMRAM 00002F
___flge                  text17       00171C
___flge@ff1              cstackCOMRAM 00000F
___flge@ff2              cstackCOMRAM 000013
___flmul                 text16       0010D6
___flmul@cntr            cstackCOMRAM 00002F
___flmul@exp             cstackCOMRAM 00002A
___flmul@f1              cstackCOMRAM 00001E
___flmul@f2              cstackCOMRAM 000022
___flmul@f3_as_product   cstackCOMRAM 00002B
___flmul@sign            cstackCOMRAM 000030
___flneg                 text15       001A78
___flneg@f1              cstackCOMRAM 000031
___flpack                text21       00154C
___flpack@arg            cstackCOMRAM 00000F
___flpack@exp            cstackCOMRAM 000013
___flpack@sign           cstackCOMRAM 000014
___fltol                 text14       00144E
___fltol@exp1            cstackCOMRAM 000039
___fltol@f1              cstackCOMRAM 000030
___fltol@sign1           cstackCOMRAM 000038
___inthi_sp              stack        000000
___intlo_sp              stack        000000
___lwtofl                text13       001AD4
___lwtofl@c              cstackCOMRAM 000019
___sp                    stack        000000
__accesstop              (abs)        000060
__activetblptr           (abs)        000002
__end_of_AD_omv          text22       001A78
__end_of___awdiv         text3        001878
__end_of___awmod         text2        001908
__end_of___awtofl        text20       001A32
__end_of___fladd         text19       000F96
__end_of___fldiv         text18       00144E
__end_of___flge          text17       0017D4
__end_of___flmul         text16       001212
__end_of___flneg         text15       001AAA
__end_of___flpack        text21       001644
__end_of___fltol         text14       00154C
__end_of___lwtofl        text13       001AFE
__end_of__initialization cinit        001B12
__end_of__stringdata     smallconst   000622
__end_of_create_char     text10       0010D6
__end_of_init            text9        00197E
__end_of_isr             intcode      00017A
__end_of_lcd_char        text11       001B56
__end_of_lcd_clear       text8        001B36
__end_of_lcd_cmd         text7        001B64
__end_of_lcd_goto        text6        001B46
__end_of_lcd_init        text4        00171C
__end_of_lcd_write       text12       0019E6
__end_of_lcd_writesc     text5        001AD4
__end_of_main            text0        000D96
__end_of_printTime       text1        001330
__initialization         cinit        001AFE
__mediumconst            mediumconst  000000
__pbssBANK0              bssBANK0     00007C
__pbssCOMRAM             bssCOMRAM    000048
__pcinit                 cinit        001AFE
__pcstackBANK0           cstackBANK0  000060
__pcstackCOMRAM          cstackCOMRAM 000001
__pintcode               intcode      000008
__psmallconst            smallconst   000600
__ptext0                 text0        000624
__ptext1                 text1        001212
__ptext10                text10       000F96
__ptext11                text11       001B46
__ptext12                text12       00197E
__ptext13                text13       001AD4
__ptext14                text14       00144E
__ptext15                text15       001A78
__ptext16                text16       0010D6
__ptext17                text17       00171C
__ptext18                text18       001330
__ptext19                text19       000D96
__ptext2                 text2        001878
__ptext20                text20       0019E6
__ptext21                text21       00154C
__ptext22                text22       001A32
__ptext3                 text3        0017D4
__ptext4                 text4        001644
__ptext5                 text5        001AAA
__ptext6                 text6        001B36
__ptext7                 text7        001B56
__ptext8                 text8        001B1C
__ptext9                 text9        001908
__ramtop                 ramtop       000600
__size_of_AD_omv         (abs)        000000
__size_of___awdiv        (abs)        000000
__size_of___awmod        (abs)        000000
__size_of___awtofl       (abs)        000000
__size_of___fladd        (abs)        000000
__size_of___fldiv        (abs)        000000
__size_of___flge         (abs)        000000
__size_of___flmul        (abs)        000000
__size_of___flneg        (abs)        000000
__size_of___flpack       (abs)        000000
__size_of___fltol        (abs)        000000
__size_of___lwtofl       (abs)        000000
__size_of_create_char    (abs)        000000
__size_of_init           (abs)        000000
__size_of_isr            (abs)        000000
__size_of_lcd_char       (abs)        000000
__size_of_lcd_clear      (abs)        000000
__size_of_lcd_cmd        (abs)        000000
__size_of_lcd_goto       (abs)        000000
__size_of_lcd_init       (abs)        000000
__size_of_lcd_write      (abs)        000000
__size_of_lcd_writesc    (abs)        000000
__size_of_main           (abs)        000000
__size_of_printTime      (abs)        000000
__smallconst             smallconst   000600
__stringdata             smallconst   000601
_act_Val                 bssBANK0     00008A
_blink_battery           bssBANK0     00008B
_create_char             text10       000F96
_init                    text9        001908
_isr                     intcode      000008
_lcd_char                text11       001B46
_lcd_clear               text8        001B1C
_lcd_cmd                 text7        001B56
_lcd_goto                text6        001B36
_lcd_init                text4        001644
_lcd_write               text12       00197E
_lcd_writesc             text5        001AAA
_main                    text0        000624
_main$1490               cstackBANK0  000062
_minuter                 bssBANK0     00007C
_pot_Val                 bssBANK0     00007E
_printTime               text1        001212
_rampknapp_flag          bssBANK0     00008C
_rampsignal              bssBANK0     000080
_ramptime_scaler         bssCOMRAM    00004A
_sample_flag             bssBANK0     000082
_sample_interval         bssCOMRAM    00004B
_sekunder                bssBANK0     000084
_set_Val                 bssBANK0     00008D
_styrsignal              bssBANK0     000086
_time_scaler             bssCOMRAM    000048
_timmar                  bssBANK0     000088
create_char@i            cstackCOMRAM 000011
create_char@i_774        cstackCOMRAM 000013
create_char@i_775        cstackCOMRAM 000015
create_char@i_776        cstackCOMRAM 000017
end_of_initialization    cinit        001B12
intlevel0                text         000000
intlevel1                text         000000
intlevel2                text         000000
intlevel3                text         000000
lcd_char@cgram_addr      cstackCOMRAM 000010
lcd_cmd@command          cstackCOMRAM 000010
lcd_goto@pos             cstackCOMRAM 000010
lcd_write@c              cstackCOMRAM 00000F
lcd_writesc@s            cstackCOMRAM 000010
main@battery_status      cstackBANK0  000061
main@character_code      cstackBANK0  000060
main@disp_rampsignal     cstackBANK0  000075
main@duty_LSB            cstackBANK0  00006D
main@duty_MSB            cstackBANK0  00006C
main@pump_signal1        cstackBANK0  000076
main@pump_signal2        cstackBANK0  000066
main@res_error1          cstackBANK0  00006F
main@res_error2          cstackBANK0  00006A
main@sensor_Val          cstackBANK0  000071
main@tid                 cstackBANK0  00007A
main@tid_old             cstackBANK0  000073
main@variabel            cstackBANK0  00006E
printTime@i              cstackCOMRAM 000020
printTime@minuter        cstackCOMRAM 000017
printTime@pos1           cstackCOMRAM 00001C
printTime@pos2           cstackCOMRAM 00001E
printTime@sekunder       cstackCOMRAM 00001B
printTime@timmar         cstackCOMRAM 000018
printTime@var            cstackCOMRAM 000022
stackhi                  (abs)        0005FF
stacklo                  (abs)        00008E
start                    init         00017A
start_initialization     cinit        001AFE


FUNCTION INFORMATION:

 *************** function _main *****************
 Defined at:
		line 51 in file "main.c"
 Parameters:    Size  Location     Type
		None
 Auto vars:     Size  Location     Type
  pump_signal1    4   22[BANK0 ] PTR const unsigned char 
  pump_signal2    4    6[BANK0 ] PTR const unsigned char 
  ASCII_string    4    0        unsigned char [4]
  tid             2   26[BANK0 ] unsigned int 
  tid_old         2   19[BANK0 ] unsigned int 
  sensor_Val      2   17[BANK0 ] unsigned int 
  res_error1      2   15[BANK0 ] int 
  res_error2      2   10[BANK0 ] int 
  disp_rampsig    1   21[BANK0 ] unsigned char 
  variabel        1   14[BANK0 ] unsigned char 
  duty_LSB        1   13[BANK0 ] unsigned char 
  duty_MSB        1   12[BANK0 ] unsigned char 
  battery_stat    1    1[BANK0 ] unsigned char 
  character_co    1    0[BANK0 ] unsigned char 
 Return value:  Size  Location     Type
		None               void
 Registers used:
		wreg, fsr2l, fsr2h, status,2, status,0, tblptrl, tblptrh, tblptru, prodl, cstack
 Tracked objects:
		On entry : 
		On exit  : 
		Unchanged: 
 Data sizes:     COMRAM   BANK0   BANK1   BANK2   BANK3   BANK4   BANK5
      Params:         0       0       0       0       0       0       0
      Locals:         0      28       0       0       0       0       0
      Temps:          4       0       0       0       0       0       0
      Totals:         4      28       0       0       0       0       0
Total ram usage:       32 bytes
 Hardware stack levels required when called:    4
 This function calls:
		_AD_omv
		___awdiv
		___awmod
		___awtofl
		___fladd
		___fldiv
		___flge
		___flmul
		___flneg
		___fltol
		___lwtofl
		_create_char
		_init
		_lcd_goto
		_lcd_init
		_lcd_write
		_lcd_writesc
		_printTime
 This function is called by:
		Startup code after reset
 This function uses a non-reentrant model


 *************** function _printTime *****************
 Defined at:
		line 374 in file "main.c"
 Parameters:    Size  Location     Type
  sekunder        1    wreg     unsigned char 
  minuter         1   22[COMRAM] unsigned char 
  timmar          1   23[COMRAM] unsigned char 
 Auto vars:     Size  Location     Type
  sekunder        1   26[COMRAM] unsigned char 
  var             2   33[COMRAM] int 
  i               2   31[COMRAM] int 
  pos2            2   29[COMRAM] int 
  pos1            2   27[COMRAM] int 
 Return value:  Size  Location     Type
		None               void
 Registers used:
		wreg, status,2, status,0, prodl, cstack
 Tracked objects:
		On entry : 
		On exit  : 
		Unchanged: 
 Data sizes:     COMRAM   BANK0   BANK1   BANK2   BANK3   BANK4   BANK5
      Params:         2       0       0       0       0       0       0
      Locals:         9       0       0       0       0       0       0
      Temps:          2       0       0       0       0       0       0
      Totals:        13       0       0       0       0       0       0
Total ram usage:       13 bytes
 Hardware stack levels used:    1
 Hardware stack levels required when called:    3
 This function calls:
		___awdiv
		___awmod
		_lcd_goto
		_lcd_write
 This function is called by:
		_main
 This function uses a non-reentrant model


 *************** function ___awmod *****************
 Defined at:
		line 8 in file "C:\Program Files (x86)\Microchip\xc8\v1.33\sources\common\awmod.c"
 Parameters:    Size  Location     Type
  dividend        2   14[COMRAM] int 
  divisor         2   16[COMRAM] int 
 Auto vars:     Size  Location     Type
  sign            1   19[COMRAM] unsigned char 
  counter         1   18[COMRAM] unsigned char 
 Return value:  Size  Location     Type
                  2   14[COMRAM] int 
 Registers used:
		wreg, status,2, status,0, prodl
 Tracked objects:
		On entry : 
		On exit  : 
		Unchanged: 
 Data sizes:     COMRAM   BANK0   BANK1   BANK2   BANK3   BANK4   BANK5
      Params:         4       0       0       0       0       0       0
      Locals:         2       0       0       0       0       0       0
      Temps:          0       0       0       0       0       0       0
      Totals:         6       0       0       0       0       0       0
Total ram usage:        6 bytes
 Hardware stack levels used:    1
 Hardware stack levels required when called:    1
 This function calls:
		Nothing
 This function is called by:
		_main
		_printTime
 This function uses a non-reentrant model


 *************** function ___awdiv *****************
 Defined at:
		line 8 in file "C:\Program Files (x86)\Microchip\xc8\v1.33\sources\common\awdiv.c"
 Parameters:    Size  Location     Type
  dividend        2   14[COMRAM] int 
  divisor         2   16[COMRAM] int 
 Auto vars:     Size  Location     Type
  quotient        2   20[COMRAM] int 
  sign            1   19[COMRAM] unsigned char 
  counter         1   18[COMRAM] unsigned char 
 Return value:  Size  Location     Type
                  2   14[COMRAM] int 
 Registers used:
		wreg, status,2, status,0, prodl
 Tracked objects:
		On entry : 
		On exit  : 
		Unchanged: 
 Data sizes:     COMRAM   BANK0   BANK1   BANK2   BANK3   BANK4   BANK5
      Params:         4       0       0       0       0       0       0
      Locals:         4       0       0       0       0       0       0
      Temps:          0       0       0       0       0       0       0
      Totals:         8       0       0       0       0       0       0
Total ram usage:        8 bytes
 Hardware stack levels used:    1
 Hardware stack levels required when called:    1
 This function calls:
		Nothing
 This function is called by:
		_main
		_printTime
 This function uses a non-reentrant model


 *************** function _lcd_init *****************
 Defined at:
		line 100 in file "lcd.c"
 Parameters:    Size  Location     Type
		None
 Auto vars:     Size  Location     Type
		None
 Return value:  Size  Location     Type
		None               void
 Registers used:
		wreg, status,2, status,0, tblptrl, tblptrh, tblptru, cstack
 Tracked objects:
		On entry : 
		On exit  : 
		Unchanged: 
 Data sizes:     COMRAM   BANK0   BANK1   BANK2   BANK3   BANK4   BANK5
      Params:         0       0       0       0       0       0       0
      Locals:         0       0       0       0       0       0       0
      Temps:          1       0       0       0       0       0       0
      Totals:         1       0       0       0       0       0       0
Total ram usage:        1 bytes
 Hardware stack levels used:    1
 Hardware stack levels required when called:    3
 This function calls:
		_lcd_clear
		_lcd_cmd
		_lcd_goto
		_lcd_write
		_lcd_writesc
 This function is called by:
		_main
 This function uses a non-reentrant model


 *************** function _lcd_writesc *****************
 Defined at:
		line 70 in file "lcd.c"
 Parameters:    Size  Location     Type
  s               2   15[COMRAM] PTR const unsigned char 
		 -> STR_8(16), STR_7(17), STR_6(2), STR_5(2), 
		 -> STR_4(2), STR_3(2), STR_2(2), STR_1(2), 
 Auto vars:     Size  Location     Type
		None
 Return value:  Size  Location     Type
		None               void
 Registers used:
		wreg, status,2, status,0, tblptrl, tblptrh, tblptru, cstack
 Tracked objects:
		On entry : 
		On exit  : 
		Unchanged: 
 Data sizes:     COMRAM   BANK0   BANK1   BANK2   BANK3   BANK4   BANK5
      Params:         2       0       0       0       0       0       0
      Locals:         0       0       0       0       0       0       0
      Temps:          0       0       0       0       0       0       0
      Totals:         2       0       0       0       0       0       0
Total ram usage:        2 bytes
 Hardware stack levels used:    1
 Hardware stack levels required when called:    2
 This function calls:
		_lcd_write
 This function is called by:
		_main
		_lcd_init
 This function uses a non-reentrant model


 *************** function _lcd_goto *****************
 Defined at:
		line 84 in file "lcd.c"
 Parameters:    Size  Location     Type
  pos             1    wreg     unsigned char 
 Auto vars:     Size  Location     Type
  pos             1   15[COMRAM] unsigned char 
 Return value:  Size  Location     Type
		None               void
 Registers used:
		wreg, status,2, status,0, cstack
 Tracked objects:
		On entry : 
		On exit  : 
		Unchanged: 
 Data sizes:     COMRAM   BANK0   BANK1   BANK2   BANK3   BANK4   BANK5
      Params:         0       0       0       0       0       0       0
      Locals:         1       0       0       0       0       0       0
      Temps:          0       0       0       0       0       0       0
      Totals:         1       0       0       0       0       0       0
Total ram usage:        1 bytes
 Hardware stack levels used:    1
 Hardware stack levels required when called:    2
 This function calls:
		_lcd_write
 This function is called by:
		_main
		_printTime
		_lcd_init
 This function uses a non-reentrant model


 *************** function _lcd_cmd *****************
 Defined at:
		line 92 in file "lcd.c"
 Parameters:    Size  Location     Type
  command         1    wreg     unsigned char 
 Auto vars:     Size  Location     Type
  command         1   15[COMRAM] unsigned char 
 Return value:  Size  Location     Type
		None               void
 Registers used:
		wreg, status,2, cstack
 Tracked objects:
		On entry : 
		On exit  : 
		Unchanged: 
 Data sizes:     COMRAM   BANK0   BANK1   BANK2   BANK3   BANK4   BANK5
      Params:         0       0       0       0       0       0       0
      Locals:         1       0       0       0       0       0       0
      Temps:          0       0       0       0       0       0       0
      Totals:         1       0       0       0       0       0       0
Total ram usage:        1 bytes
 Hardware stack levels used:    1
 Hardware stack levels required when called:    2
 This function calls:
		_lcd_write
 This function is called by:
		_lcd_init
 This function uses a non-reentrant model


 *************** function _lcd_clear *****************
 Defined at:
		line 61 in file "lcd.c"
 Parameters:    Size  Location     Type
		None
 Auto vars:     Size  Location     Type
		None
 Return value:  Size  Location     Type
		None               void
 Registers used:
		wreg, status,2, cstack
 Tracked objects:
		On entry : 
		On exit  : 
		Unchanged: 
 Data sizes:     COMRAM   BANK0   BANK1   BANK2   BANK3   BANK4   BANK5
      Params:         0       0       0       0       0       0       0
      Locals:         0       0       0       0       0       0       0
      Temps:          1       0       0       0       0       0       0
      Totals:         1       0       0       0       0       0       0
Total ram usage:        1 bytes
 Hardware stack levels used:    1
 Hardware stack levels required when called:    2
 This function calls:
		_lcd_write
 This function is called by:
		_lcd_init
 This function uses a non-reentrant model


 *************** function _init *****************
 Defined at:
		line 238 in file "main.c"
 Parameters:    Size  Location     Type
		None
 Auto vars:     Size  Location     Type
		None
 Return value:  Size  Location     Type
		None               void
 Registers used:
		wreg, status,2
 Tracked objects:
		On entry : 
		On exit  : 
		Unchanged: 
 Data sizes:     COMRAM   BANK0   BANK1   BANK2   BANK3   BANK4   BANK5
      Params:         0       0       0       0       0       0       0
      Locals:         0       0       0       0       0       0       0
      Temps:          0       0       0       0       0       0       0
      Totals:         0       0       0       0       0       0       0
Total ram usage:        0 bytes
 Hardware stack levels used:    1
 Hardware stack levels required when called:    1
 This function calls:
		Nothing
 This function is called by:
		_main
 This function uses a non-reentrant model


 *************** function _create_char *****************
 Defined at:
		line 271 in file "main.c"
 Parameters:    Size  Location     Type
		None
 Auto vars:     Size  Location     Type
  i               2   22[COMRAM] int 
  i               2   20[COMRAM] int 
  i               2   18[COMRAM] int 
  i               2   16[COMRAM] int 
 Return value:  Size  Location     Type
		None               void
 Registers used:
		wreg, status,2, status,0, cstack
 Tracked objects:
		On entry : 
		On exit  : 
		Unchanged: 
 Data sizes:     COMRAM   BANK0   BANK1   BANK2   BANK3   BANK4   BANK5
      Params:         0       0       0       0       0       0       0
      Locals:         8       0       0       0       0       0       0
      Temps:          0       0       0       0       0       0       0
      Totals:         8       0       0       0       0       0       0
Total ram usage:        8 bytes
 Hardware stack levels used:    1
 Hardware stack levels required when called:    3
 This function calls:
		_lcd_char
		_lcd_write
 This function is called by:
		_main
 This function uses a non-reentrant model


 *************** function _lcd_char *****************
 Defined at:
		line 53 in file "lcd.c"
 Parameters:    Size  Location     Type
  cgram_addr      1    wreg     unsigned char 
 Auto vars:     Size  Location     Type
  cgram_addr      1   15[COMRAM] unsigned char 
 Return value:  Size  Location     Type
		None               void
 Registers used:
		wreg, status,2, status,0, cstack
 Tracked objects:
		On entry : 
		On exit  : 
		Unchanged: 
 Data sizes:     COMRAM   BANK0   BANK1   BANK2   BANK3   BANK4   BANK5
      Params:         0       0       0       0       0       0       0
      Locals:         1       0       0       0       0       0       0
      Temps:          0       0       0       0       0       0       0
      Totals:         1       0       0       0       0       0       0
Total ram usage:        1 bytes
 Hardware stack levels used:    1
 Hardware stack levels required when called:    2
 This function calls:
		_lcd_write
 This function is called by:
		_create_char
 This function uses a non-reentrant model


 *************** function _lcd_write *****************
 Defined at:
		line 40 in file "lcd.c"
 Parameters:    Size  Location     Type
  c               1    wreg     unsigned char 
 Auto vars:     Size  Location     Type
  c               1   14[COMRAM] unsigned char 
 Return value:  Size  Location     Type
		None               void
 Registers used:
		wreg, status,2, cstack
 Tracked objects:
		On entry : 
		On exit  : 
		Unchanged: 
 Data sizes:     COMRAM   BANK0   BANK1   BANK2   BANK3   BANK4   BANK5
      Params:         0       0       0       0       0       0       0
      Locals:         1       0       0       0       0       0       0
      Temps:          0       0       0       0       0       0       0
      Totals:         1       0       0       0       0       0       0
Total ram usage:        1 bytes
 Hardware stack levels used:    1
 Hardware stack levels required when called:    1
 This function calls:
		Nothing
 This function is called by:
		_main
		_create_char
		_printTime
		_lcd_char
		_lcd_clear
		_lcd_writesc
		_lcd_goto
		_lcd_cmd
		_lcd_init
		_lcd_writesv
 This function uses a non-reentrant model


 *************** function ___lwtofl *****************
 Defined at:
		line 28 in file "C:\Program Files (x86)\Microchip\xc8\v1.33\sources\common\lwtofl.c"
 Parameters:    Size  Location     Type
  c               2   24[COMRAM] unsigned int 
 Auto vars:     Size  Location     Type
		None
 Return value:  Size  Location     Type
                  4   24[COMRAM] unsigned int 
 Registers used:
		wreg, status,2, status,0, cstack
 Tracked objects:
		On entry : 
		On exit  : 
		Unchanged: 
 Data sizes:     COMRAM   BANK0   BANK1   BANK2   BANK3   BANK4   BANK5
      Params:         4       0       0       0       0       0       0
      Locals:         0       0       0       0       0       0       0
      Temps:          0       0       0       0       0       0       0
      Totals:         4       0       0       0       0       0       0
Total ram usage:        4 bytes
 Hardware stack levels used:    1
 Hardware stack levels required when called:    2
 This function calls:
		___flpack
 This function is called by:
		_main
 This function uses a non-reentrant model


 *************** function ___fltol *****************
 Defined at:
		line 43 in file "C:\Program Files (x86)\Microchip\xc8\v1.33\sources\common\fltol.c"
 Parameters:    Size  Location     Type
  f1              4   47[COMRAM] unsigned int 
 Auto vars:     Size  Location     Type
  exp1            1   56[COMRAM] unsigned char 
  sign1           1   55[COMRAM] unsigned char 
 Return value:  Size  Location     Type
                  4   47[COMRAM] long 
 Registers used:
		wreg, status,2, status,0
 Tracked objects:
		On entry : 
		On exit  : 
		Unchanged: 
 Data sizes:     COMRAM   BANK0   BANK1   BANK2   BANK3   BANK4   BANK5
      Params:         4       0       0       0       0       0       0
      Locals:         2       0       0       0       0       0       0
      Temps:          4       0       0       0       0       0       0
      Totals:        10       0       0       0       0       0       0
Total ram usage:       10 bytes
 Hardware stack levels used:    1
 Hardware stack levels required when called:    1
 This function calls:
		Nothing
 This function is called by:
		_main
 This function uses a non-reentrant model


 *************** function ___flneg *****************
 Defined at:
		line 15 in file "C:\Program Files (x86)\Microchip\xc8\v1.33\sources\common\flneg.c"
 Parameters:    Size  Location     Type
  f1              4   48[COMRAM] long 
 Auto vars:     Size  Location     Type
		None
 Return value:  Size  Location     Type
                  4   48[COMRAM] long 
 Registers used:
		wreg, fsr2l, fsr2h, status,2, status,0
 Tracked objects:
		On entry : 
		On exit  : 
		Unchanged: 
 Data sizes:     COMRAM   BANK0   BANK1   BANK2   BANK3   BANK4   BANK5
      Params:         4       0       0       0       0       0       0
      Locals:         0       0       0       0       0       0       0
      Temps:          0       0       0       0       0       0       0
      Totals:         4       0       0       0       0       0       0
Total ram usage:        4 bytes
 Hardware stack levels used:    1
 Hardware stack levels required when called:    1
 This function calls:
		Nothing
 This function is called by:
		_main
 This function uses a non-reentrant model


 *************** function ___flmul *****************
 Defined at:
		line 62 in file "C:\Program Files (x86)\Microchip\xc8\v1.33\sources\common\flmul.c"
 Parameters:    Size  Location     Type
  f1              4   29[COMRAM] long 
  f2              4   33[COMRAM] long 
 Auto vars:     Size  Location     Type
  f3_as_produc    4   42[COMRAM] unsigned long 
  sign            1   47[COMRAM] unsigned char 
  cntr            1   46[COMRAM] unsigned char 
  exp             1   41[COMRAM] unsigned char 
 Return value:  Size  Location     Type
                  4   29[COMRAM] unsigned char 
 Registers used:
		wreg, status,2, status,0, cstack
 Tracked objects:
		On entry : 
		On exit  : 
		Unchanged: 
 Data sizes:     COMRAM   BANK0   BANK1   BANK2   BANK3   BANK4   BANK5
      Params:         8       0       0       0       0       0       0
      Locals:         7       0       0       0       0       0       0
      Temps:          4       0       0       0       0       0       0
      Totals:        19       0       0       0       0       0       0
Total ram usage:       19 bytes
 Hardware stack levels used:    1
 Hardware stack levels required when called:    2
 This function calls:
		___flpack
 This function is called by:
		_main
 This function uses a non-reentrant model


 *************** function ___flge *****************
 Defined at:
		line 4 in file "C:\Program Files (x86)\Microchip\xc8\v1.33\sources\common\flge.c"
 Parameters:    Size  Location     Type
  ff1             4   14[COMRAM] unsigned char 
  ff2             4   18[COMRAM] unsigned char 
 Auto vars:     Size  Location     Type
		None
 Return value:  Size  Location     Type
		None               void
 Registers used:
		wreg, status,2, status,0
 Tracked objects:
		On entry : 
		On exit  : 
		Unchanged: 
 Data sizes:     COMRAM   BANK0   BANK1   BANK2   BANK3   BANK4   BANK5
      Params:         8       0       0       0       0       0       0
      Locals:         0       0       0       0       0       0       0
      Temps:          4       0       0       0       0       0       0
      Totals:        12       0       0       0       0       0       0
Total ram usage:       12 bytes
 Hardware stack levels used:    1
 Hardware stack levels required when called:    1
 This function calls:
		Nothing
 This function is called by:
		_main
 This function uses a non-reentrant model


 *************** function ___fldiv *****************
 Defined at:
		line 49 in file "C:\Program Files (x86)\Microchip\xc8\v1.33\sources\common\fldiv.c"
 Parameters:    Size  Location     Type
  f1              4   28[COMRAM] unsigned char 
  f2              4   32[COMRAM] unsigned char 
 Auto vars:     Size  Location     Type
  f3              4   40[COMRAM] unsigned char 
  sign            1   46[COMRAM] unsigned char 
  exp             1   45[COMRAM] unsigned char 
  cntr            1   44[COMRAM] unsigned char 
 Return value:  Size  Location     Type
                  4   28[COMRAM] unsigned char 
 Registers used:
		wreg, status,2, status,0, cstack
 Tracked objects:
		On entry : 
		On exit  : 
		Unchanged: 
 Data sizes:     COMRAM   BANK0   BANK1   BANK2   BANK3   BANK4   BANK5
      Params:         8       0       0       0       0       0       0
      Locals:         7       0       0       0       0       0       0
      Temps:          4       0       0       0       0       0       0
      Totals:        19       0       0       0       0       0       0
Total ram usage:       19 bytes
 Hardware stack levels used:    1
 Hardware stack levels required when called:    2
 This function calls:
		___flpack
 This function is called by:
		_main
 This function uses a non-reentrant model


 *************** function ___fladd *****************
 Defined at:
		line 88 in file "C:\Program Files (x86)\Microchip\xc8\v1.33\sources\common\fladd.c"
 Parameters:    Size  Location     Type
  f1              4   52[COMRAM] unsigned char 
  f2              4   56[COMRAM] unsigned char 
 Auto vars:     Size  Location     Type
  exp1            1   66[COMRAM] unsigned char 
  exp2            1   65[COMRAM] unsigned char 
  sign            1   64[COMRAM] unsigned char 
 Return value:  Size  Location     Type
                  4   52[COMRAM] unsigned char 
 Registers used:
		wreg, status,2, status,0, cstack
 Tracked objects:
		On entry : 
		On exit  : 
		Unchanged: 
 Data sizes:     COMRAM   BANK0   BANK1   BANK2   BANK3   BANK4   BANK5
      Params:         8       0       0       0       0       0       0
      Locals:         3       0       0       0       0       0       0
      Temps:          4       0       0       0       0       0       0
      Totals:        15       0       0       0       0       0       0
Total ram usage:       15 bytes
 Hardware stack levels used:    1
 Hardware stack levels required when called:    2
 This function calls:
		___flpack
 This function is called by:
		_main
 This function uses a non-reentrant model


 *************** function ___awtofl *****************
 Defined at:
		line 31 in file "C:\Program Files (x86)\Microchip\xc8\v1.33\sources\common\awtofl.c"
 Parameters:    Size  Location     Type
  c               2   24[COMRAM] int 
 Auto vars:     Size  Location     Type
  f1              4    0        int 
  sign            1   28[COMRAM] unsigned char 
 Return value:  Size  Location     Type
                  4   24[COMRAM] unsigned char 
 Registers used:
		wreg, status,2, status,0, prodl, cstack
 Tracked objects:
		On entry : 
		On exit  : 
		Unchanged: 
 Data sizes:     COMRAM   BANK0   BANK1   BANK2   BANK3   BANK4   BANK5
      Params:         4       0       0       0       0       0       0
      Locals:         1       0       0       0       0       0       0
      Temps:          0       0       0       0       0       0       0
      Totals:         5       0       0       0       0       0       0
Total ram usage:        5 bytes
 Hardware stack levels used:    1
 Hardware stack levels required when called:    2
 This function calls:
		___flpack
 This function is called by:
		_main
 This function uses a non-reentrant model


 *************** function ___flpack *****************
 Defined at:
		line 63 in file "C:\Program Files (x86)\Microchip\xc8\v1.33\sources\common\double.c"
 Parameters:    Size  Location     Type
  arg             4   14[COMRAM] unsigned long 
  exp             1   18[COMRAM] unsigned char 
  sign            1   19[COMRAM] unsigned char 
 Auto vars:     Size  Location     Type
		None
 Return value:  Size  Location     Type
                  4   14[COMRAM] unsigned char 
 Registers used:
		wreg, status,2, status,0
 Tracked objects:
		On entry : 
		On exit  : 
		Unchanged: 
 Data sizes:     COMRAM   BANK0   BANK1   BANK2   BANK3   BANK4   BANK5
      Params:         6       0       0       0       0       0       0
      Locals:         0       0       0       0       0       0       0
      Temps:          4       0       0       0       0       0       0
      Totals:        10       0       0       0       0       0       0
Total ram usage:       10 bytes
 Hardware stack levels used:    1
 Hardware stack levels required when called:    1
 This function calls:
		Nothing
 This function is called by:
		___awtofl
		___fladd
		___fldiv
		___flmul
		___lwtofl
 This function uses a non-reentrant model


 *************** function _AD_omv *****************
 Defined at:
		line 324 in file "main.c"
 Parameters:    Size  Location     Type
  ADkanal         1    wreg     unsigned char 
 Auto vars:     Size  Location     Type
  ADkanal         1   18[COMRAM] unsigned char 
  AD_value        2   19[COMRAM] unsigned int 
 Return value:  Size  Location     Type
                  2   14[COMRAM] int 
 Registers used:
		wreg, status,2, status,0
 Tracked objects:
		On entry : 
		On exit  : 
		Unchanged: 
 Data sizes:     COMRAM   BANK0   BANK1   BANK2   BANK3   BANK4   BANK5
      Params:         2       0       0       0       0       0       0
      Locals:         3       0       0       0       0       0       0
      Temps:          2       0       0       0       0       0       0
      Totals:         7       0       0       0       0       0       0
Total ram usage:        7 bytes
 Hardware stack levels used:    1
 Hardware stack levels required when called:    1
 This function calls:
		Nothing
 This function is called by:
		_main
 This function uses a non-reentrant model


 *************** function _isr *****************
 Defined at:
		line 336 in file "main.c"
 Parameters:    Size  Location     Type
		None
 Auto vars:     Size  Location     Type
		None
 Return value:  Size  Location     Type
		None               void
 Registers used:
		wreg, status,2, status,0
 Tracked objects:
		On entry : 
		On exit  : 
		Unchanged: 
 Data sizes:     COMRAM   BANK0   BANK1   BANK2   BANK3   BANK4   BANK5
      Params:         0       0       0       0       0       0       0
      Locals:         0       0       0       0       0       0       0
      Temps:         14       0       0       0       0       0       0
      Totals:        14       0       0       0       0       0       0
Total ram usage:       14 bytes
 Hardware stack levels used:    1
 This function calls:
		Nothing
 This function is called by:
		Interrupt level 2
 This function uses a non-reentrant model



MODULE INFORMATION

Module		Function		Class		Link	Load	Size
C:\Program Files (x86)\Microchip\xc8\v1.33\sources\common\lwtofl.c
		___lwtofl      		CODE           	1AD4	0000	42

C:\Program Files (x86)\Microchip\xc8\v1.33\sources\common\lwtofl.c estimated size: 42

C:\Program Files (x86)\Microchip\xc8\v1.33\sources\common\awmod.c
		___awmod       		CODE           	1878	0000	144

C:\Program Files (x86)\Microchip\xc8\v1.33\sources\common\awmod.c estimated size: 144

C:\Program Files (x86)\Microchip\xc8\v1.33\sources\common\flmul.c
		___flmul       		CODE           	10D6	0000	316

C:\Program Files (x86)\Microchip\xc8\v1.33\sources\common\flmul.c estimated size: 316

C:\Program Files (x86)\Microchip\xc8\v1.33\sources\common\fldiv.c
		___fldiv       		CODE           	1330	0000	286

C:\Program Files (x86)\Microchip\xc8\v1.33\sources\common\fldiv.c estimated size: 286

C:\Program Files (x86)\Microchip\xc8\v1.33\sources\common\awdiv.c
		___awdiv       		CODE           	17D4	0000	164

C:\Program Files (x86)\Microchip\xc8\v1.33\sources\common\awdiv.c estimated size: 164

C:\Program Files (x86)\Microchip\xc8\v1.33\sources\common\fltol.c
		___fltol       		CODE           	144E	0000	254

C:\Program Files (x86)\Microchip\xc8\v1.33\sources\common\fltol.c estimated size: 254

shared
		__stringdata   		SMALLCONST     	0601	0000	33
		__initializatio		CODE           	1AFE	0000	20

shared estimated size: 53

C:\Program Files (x86)\Microchip\xc8\v1.33\sources\common\fladd.c
		___fladd       		CODE           	0D96	0000	512

C:\Program Files (x86)\Microchip\xc8\v1.33\sources\common\fladd.c estimated size: 512

C:\Program Files (x86)\Microchip\xc8\v1.33\sources\common\double.c
		___flpack      		CODE           	154C	0000	248

C:\Program Files (x86)\Microchip\xc8\v1.33\sources\common\double.c estimated size: 248

lcd.c
		_lcd_cmd       		CODE           	1B56	0000	14
		_lcd_char      		CODE           	1B46	0000	16
		_lcd_clear     		CODE           	1B1C	0000	26
		_lcd_goto      		CODE           	1B36	0000	16
		_lcd_write     		CODE           	197E	0000	104
		_lcd_writesc   		CODE           	1AAA	0000	42
		_lcd_init      		CODE           	1644	0000	216

lcd.c estimated size: 434

C:\Program Files (x86)\Microchip\xc8\v1.33\sources\common\flge.c
		___flge        		CODE           	171C	0000	184

C:\Program Files (x86)\Microchip\xc8\v1.33\sources\common\flge.c estimated size: 184

main.c
		_init          		CODE           	1908	0000	118
		_AD_omv        		CODE           	1A32	0000	70
		_main          		CODE           	0624	0000	1906
		_create_char   		CODE           	0F96	0000	320
		_isr           		CODE           	0008	0000	370
		_printTime     		CODE           	1212	0000	286

main.c estimated size: 3070

C:\Program Files (x86)\Microchip\xc8\v1.33\sources\common\flneg.c
		___flneg       		CODE           	1A78	0000	50

C:\Program Files (x86)\Microchip\xc8\v1.33\sources\common\flneg.c estimated size: 50

C:\Program Files (x86)\Microchip\xc8\v1.33\sources\common\awtofl.c
		___awtofl      		CODE           	19E6	0000	76

C:\Program Files (x86)\Microchip\xc8\v1.33\sources\common\awtofl.c estimated size: 76

